// Jest Snapshot v1, https://goo.gl/fbAQLP

exports[`creating the snapshot of the compoenent correctly 1`] = `
<button
  className="ant-btn css-dev-only-do-not-override-1n7nwfa ant-btn-default btn"
  disabled={false}
  onClick={[Function]}
  type="button"
>
  <span>
     button label
  </span>
</button>
`;
